// Vitest Snapshot v1, https://vitest.dev/guide/snapshot.html

exports[`BasicButton > renders properly 1`] = `"<button class="btn m filled red">Button test</button>"`;
